// Jest Snapshot v1, https://goo.gl/fbAQLP

exports[`FirstApp should match with snapshot 1`] = `
<div>
  <h1>
    eyyyyyyy
  </h1>
  <h2>
    ELPepe
  </h2>
  <h3>
    yooooo
  </h3>
</div>
`;
